/*
 * Licensed to the Apache Software Foundation (ASF) under one
 * or more contributor license agreements.  See the NOTICE file
 * distributed with this work for additional information
 * regarding copyright ownership.  The ASF licenses this file
 * to you under the Apache License, Version 2.0 (the
 * "License"); you may not use this file except in compliance
 * with the License.  You may obtain a copy of the License at
 *
 * http://www.apache.org/licenses/LICENSE-2.0
 *
 * Unless required by applicable law or agreed to in writing,
 * software distributed under the License is distributed on an
 * "AS IS" BASIS, WITHOUT WARRANTIES OR CONDITIONS OF ANY
 * KIND, either express or implied.  See the License for the
 * specific language governing permissions and limitations
 * under the License.
 */
/*
 * agehash internal selftest.
 *
 * Exercises the Robin Hood open-addressing hashtable used by AGE's hot-path
 * caches at boundary sizes (1, 7, 8, 9, 63, 64, 65, 1024, ...) and across
 * grow thresholds. A success returns the literal "OK"; any failure returns
 * "FAIL: <reason>" describing the offending case.
 */
SELECT ag_catalog._agehash_self_test();
 _agehash_self_test 
--------------------
 OK
(1 row)

